[
  {
    "balanceChanges": [
      {
        "address": "6212dd88f890fefe0af24d1404d96adf488e4e3b",
        "newValue": {
          "bytes": "1fa95b40a3b6c32930f9"
        },
        "oldValue": {
          "bytes": "1fa95450485cef7730f9"
        },
        "ordinal": "1",
        "reason": "REASON_REWARD_MINE_UNCLE"
      },
      {
        "address": "6212dd88f890fefe0af24d1404d96adf488e4e3b",
        "newValue": {
          "bytes": "1fa96230ff1096db30f9"
        },
        "oldValue": {
          "bytes": "1fa95b40a3b6c32930f9"
        },
        "ordinal": "2",
        "reason": "REASON_REWARD_MINE_UNCLE"
      },
      {
        "address": "6212dd88f890fefe0af24d1404d96adf488e4e3b",
        "newValue": {
          "bytes": "1fa97fae834e5a8fb0f9"
        },
        "oldValue": {
          "bytes": "1fa96230ff1096db30f9"
        },
        "ordinal": "3",
        "reason": "REASON_REWARD_MINE_BLOCK"
      }
    ],
    "hash": "736fb90beb572642b589ee15f8d73516d8a41b4b79ee60fe97565203009c00ea",
    "header": {
      "coinbase": "6212dd88f890fefe0af24d1404d96adf488e4e3b",
      "difficulty": {
        "bytes": "1b1039fe"
      },
      "extraData": "d883010816846765746888676f312e31302e34856c696e7578",
      "gasLimit": "8000000",
      "gasUsed": "7980203",
      "hash": "736fb90beb572642b589ee15f8d73516d8a41b4b79ee60fe97565203009c00ea",
      "logsBloom": "00000000000000000000000000000000000000000000000000000000000000000000000000000000000000000000000000000000000000000000000000000000000000000000000000000000000000000000000000000000000000000000000000000000000000000000000000000000000000000000000000000000000000000000000000000000000000000000000000000000000000000000000000000000000000000000000000000000000000000000000000000000000000000000000000000000000000000000000000000000000000000000000000000000000000000000000000000000000000000000000000000000000000000000000000000000",
      "mixHash": "6d1872896123f9e61ca0c77d353086def98cdfc3162645d06e20edbc1dc60271",
      "nonce": "10450700827836940820",
      "number": "6430278",
      "parentHash": "30c20db7becee9037208a4753f68673a3c86a5eb1cce785888023f06843920b8",
      "receiptRoot": "95ddfaf1465084fa01443d37bbc7bdfbcad8019b6435f3754344e521209eb20f",
      "stateRoot": "39883f641e811c8ce9946ca90db288ec8b2aecf4286510f54ca93c04305bfb74",
      "timestamp": "2019-09-21T09:54:00Z",
      "transactionsRoot": "21705295765edfd55972d0efa5eeaa701964cdd6d4ffe9601a1147e3a4da3ec5",
      "uncleHash": "6f4d1df8728afa81353eff1c07f9ef3c31003ac6db6cc9e210ac4bee7dfcb40f"
    },
    "number": "6430278",
    "size": "1902",
    "uncles": [
      {
        "coinbase": "6212dd88f890fefe0af24d1404d96adf488e4e3b",
        "difficulty": {
          "bytes": "1b279b0d"
        },
        "extraData": "d883010816846765746888676f312e31302e34856c696e7578",
        "gasLimit": "8000000",
        "hash": "2c46694b43b6c8e687edaf1b5257aca53fe1935e6d59c0ee7d00a68b801445e4",
        "logsBloom": "00000000000000000000000000000000000000000000000000000000000000000000000000000000000000000000000000000000000000000000000000000000000000000000000000000000000000000000000000000000000000000000000000000000000000000000000000000000000000000000000000000000000000000000000000000000000000000000000000000000000000000000000000000000000000000000000000000000000000000000000000000000000000000000000000000000000000000000000000000000000000000000000000000000000000000000000000000000000000000000000000000000000000000000000000000000",
        "mixHash": "3ac5f9c94e5abbce20fc3c483bcd04cb4d0b19611fd0ad7e53dd503277137071",
        "nonce": "10450700827481263614",
        "number": "6430272",
        "parentHash": "e8fcbb0821c3f944c50dafc232ca2c4d5fd865935939713a05eb9a1c3ff22db6",
        "receiptRoot": "56e81f171bcc55a6ff8345e692c0f86e5b48e01b996cadc001622fb5e363b421",
        "stateRoot": "24bffe381be83b9ae8e4d3980fce1924ef53f6445498f8a1630a0075fe6ccc80",
        "timestamp": "2019-09-21T09:51:01Z",
        "transactionsRoot": "56e81f171bcc55a6ff8345e692c0f86e5b48e01b996cadc001622fb5e363b421",
        "uncleHash": "1dcc4de8dec75d7aab85b567b6ccd41ad312451b948a7413f0a142fd40d49347"
      },
      {
        "coinbase": "6212dd88f890fefe0af24d1404d96adf488e4e3b",
        "difficulty": {
          "bytes": "1b279b0d"
        },
        "extraData": "d883010816846765746888676f312e31302e34856c696e7578",
        "gasLimit": "8000000",
        "hash": "1174ab3f74e43afce47d084bb8c3e9ee8cbf1e886b53ef85b4b97a676ba51561",
        "logsBloom": "00000000000000000000000000000000000000000000000000000000000000000000000000000000000000000000000000000000000000000000000000000000000000000000000000000000000000000000000000000000000000000000000000000000000000000000000000000000000000000000000000000000000000000000000000000000000000000000000000000000000000000000000000000000000000000000000000000000000000000000000000000000000000000000000000000000000000000000000000000000000000000000000000000000000000000000000000000000000000000000000000000000000000000000000000000000",
        "mixHash": "886abed207767b7f7b36ced34d74076095bd3a103b7fed9fed3489704b9399ba",
        "nonce": "10450700828124819474",
        "number": "6430272",
        "parentHash": "e8fcbb0821c3f944c50dafc232ca2c4d5fd865935939713a05eb9a1c3ff22db6",
        "receiptRoot": "56e81f171bcc55a6ff8345e692c0f86e5b48e01b996cadc001622fb5e363b421",
        "stateRoot": "24bffe381be83b9ae8e4d3980fce1924ef53f6445498f8a1630a0075fe6ccc80",
        "timestamp": "2019-09-21T09:51:01Z",
        "transactionsRoot": "56e81f171bcc55a6ff8345e692c0f86e5b48e01b996cadc001622fb5e363b421",
        "uncleHash": "1dcc4de8dec75d7aab85b567b6ccd41ad312451b948a7413f0a142fd40d49347"
      }
    ],
    "ver": 3
  }
]