[
  {
    "hash": "736fb90beb572642b589ee15f8d73516d8a41b4b79ee60fe97565203009c00ea",
    "header": {
      "coinbase": "6212dd88f890fefe0af24d1404d96adf488e4e3b",
      "difficulty": {
        "bytes": "1b1039fe"
      },
      "extraData": "d883010816846765746888676f312e31302e34856c696e7578",
      "gasLimit": "8000000",
      "gasUsed": "7980203",
      "hash": "736fb90beb572642b589ee15f8d73516d8a41b4b79ee60fe97565203009c00ea",
      "logsBloom": "00000000000000000000000000000000000000000000000000000000000000000000000000000000000000000000000000000000000000000000000000000000000000000000000000000000000000000000000000000000000000000000000000000000000000000000000000000000000000000000000000000000000000000000000000000000000000000000000000000000000000000000000000000000000000000000000000000000000000000000000000000000000000000000000000000000000000000000000000000000000000000000000000000000000000000000000000000000000000000000000000000000000000000000000000000000",
      "mixHash": "6d1872896123f9e61ca0c77d353086def98cdfc3162645d06e20edbc1dc60271",
      "nonce": "10450700827836940820",
      "number": "6430278",
      "parentHash": "30c20db7becee9037208a4753f68673a3c86a5eb1cce785888023f06843920b8",
      "receiptRoot": "95ddfaf1465084fa01443d37bbc7bdfbcad8019b6435f3754344e521209eb20f",
      "stateRoot": "39883f641e811c8ce9946ca90db288ec8b2aecf4286510f54ca93c04305bfb74",
      "timestamp": "2019-09-21T09:54:00Z",
      "transactionsRoot": "21705295765edfd55972d0efa5eeaa701964cdd6d4ffe9601a1147e3a4da3ec5",
      "uncleHash": "6f4d1df8728afa81353eff1c07f9ef3c31003ac6db6cc9e210ac4bee7dfcb40f"
    },
    "number": "6430278",
    "size": "1",
    "ver": 3
  }
]