[
  {
    "hash": "937b1a9a6686ca5d845d41cf6264586e4333caa009c9001ce71f174748881c4e",
    "header": {
      "blobGasUsed": "20999",
      "coinbase": "0000000000000000000000000000000000000000",
      "difficulty": {
        "bytes": "07"
      },
      "excessBlobGas": "4615",
      "extraData": "d58301090083626f7286676f312e3133856c696e7578000000000000000000000375b2fc7140977c9c76d45421564e354ed42277000000000000000000000000000000000000271042eefcda06ead475cde3731b8eb138e88cd0bac300000000000000000000000000000000000027105973918275c01f50555d44e92c9d9b353cadad5400000000000000000000000000000000000027107fcd58c2d53d980b247f1612fdba93e9a76193e60000000000000000000000000000000000002710b702f1c9154ac9c08da247a8e30ee6f2f3373f410000000000000000000000000000000000002710b8bb158b93c94ed35c1970d610d1e2b34e26652c0000000000000000000000000000000000002710f84c74dea96df0ec22e11e7c33996c73fcc2d8220000000000000000000000000000000000002710b9dc800a95f8342af918585ff50f43fe85ebe0b42a9ed2d49bcfc3e6c0fbf0b81c66058dbdbca3a14bfabb76092a878d900ee699b80d0becb991022ab1c0365801",
      "gasLimit": "15469060",
      "gasUsed": "21000",
      "hash": "937b1a9a6686ca5d845d41cf6264586e4333caa009c9001ce71f174748881c4e",
      "logsBloom": "00000000000000000000000000000000000000001000000000000000000000000000000000000004000000100000000000008000000000000000000000000000000000000000040000000000000000800000000000000000000100000000000000000000080000000000100000000000000000000000000080000000000000000000000000001000000000000000000000000000000000000000000000000000200000000000000000000000000000000200000000000000000000000000004000000000000000000001000000000200000000000000800000108000000000000010000000000000000000000000000000000000000000000000000000100000",
      "mixHash": "0000000000000000000000000000000000000000000000000000000000000000",
      "number": "1",
      "parentBeaconRoot": "d777402659514206088d932e24c5e4e8ad384aab8b8d9b151f903b06a69b58a2",
      "parentHash": "c88b402659514206088d932e24c5e4e8ad384aab8b8d9b151f903b06a69b58a2",
      "receiptRoot": "e174f9aa9cfaf537bbd946f4f28d1e070fc266e30b87e47f861e64031a4aa045",
      "stateRoot": "91e7407285d3daf15ed29dd054320e366ec60ea2b93d359a9a663a0be3e18dcb",
      "timestamp": "2020-05-30T16:45:16Z",
      "transactionsRoot": "3787bdcd430c94ce67bc3822c6d958d8cc59efa7c60222f97bedef68f82e9c89",
      "uncleHash": "1dcc4de8dec75d7aab85b567b6ccd41ad312451b948a7413f0a142fd40d49347"
    },
    "number": "1",
    "size": "995",
    "ver": 3
  }
]