[
  {
    "hash": "11917a4878193a88de39bc2f0c601403c5099e863d55d7d7a1efd4bcec40b85c",
    "header": {
      "coinbase": "0000000000000000000000000000000000000000",
      "difficulty": {
        "bytes": "00"
      },
      "extraData": "0000005f0000053ea9363887a300d82dc9ac912cd82034ae3a20e3b93fee9355",
      "gasLimit": "281474976710655",
      "hash": "11917a4878193a88de39bc2f0c601403c5099e863d55d7d7a1efd4bcec40b85c",
      "logsBloom": "00000000000000000000000000000000000000000000000000000000000000000000000000000000000000000000000000000000000000000000000000000000000000000000000000000000000000000000000000000000000000000000000000000000000000000000000000000000000000000000000000000000000000000000000000000000000000000000000000000000000000000000000000000000000000000000000000000000000000000000000000000000000000000000000000000000000000000000000000000000000000000000000000000000000000000000000000000000000000000000000000000000000000000000000000000000",
      "mixHash": "0000000000000000000000000000000000000000000000000000000000000000",
      "number": "10919",
      "parentHash": "0000005f0000052d41bb8a1ea23b8acd02ec79ef2988106ddd5a2298b50a2c8d",
      "receiptRoot": "56e81f171bcc55a6ff8345e692c0f86e5b48e01b996cadc001622fb5e363b421",
      "stateRoot": "0000000000000000000000000000000000000000000000000000000000000000",
      "timestamp": "2020-01-12T15:09:26Z",
      "transactionsRoot": "56e81f171bcc55a6ff8345e692c0f86e5b48e01b996cadc001622fb5e363b421",
      "uncleHash": "1dcc4de8dec75d7aab85b567b6ccd41ad312451b948a7413f0a142fd40d49347"
    },
    "number": "10919",
    "size": "545",
    "ver": 3
  },
  {
    "hash": "d5825324b1a4cc03b6c72dca679795680dcb174bc36ed6c2daef3fe348c761d7",
    "header": {
      "coinbase": "0000000000000000000000000000000000000000",
      "difficulty": {
        "bytes": "00"
      },
      "extraData": "0000005f0000054ad7c1d5bad47d114b2fb0301a7347e7010c65ec6be6ef3542",
      "gasLimit": "281474976710655",
      "hash": "d5825324b1a4cc03b6c72dca679795680dcb174bc36ed6c2daef3fe348c761d7",
      "logsBloom": "00000000000000000000000000000000000000000000000000000000000000000000000000000000000000000000000000000000000000000000000000000000000000000000000000000000000000000000000000000000000000000000000000000000000000000000000000000000000000000000000000000000000000000000000000000000000000000000000000000000000000000000000000000000000000000000000000000000000000000000000000000000000000000000000000000000000000000000000000000000000000000000000000000000000000000000000000000000000000000000000000000000000000000000000000000000",
      "mixHash": "0000000000000000000000000000000000000000000000000000000000000000",
      "number": "10920",
      "parentHash": "0000005f0000053ea9363887a300d82dc9ac912cd82034ae3a20e3b93fee9355",
      "receiptRoot": "56e81f171bcc55a6ff8345e692c0f86e5b48e01b996cadc001622fb5e363b421",
      "stateRoot": "0000000000000000000000000000000000000000000000000000000000000000",
      "timestamp": "2020-01-12T15:09:27Z",
      "transactionsRoot": "66da06a7c0c41b572f120c2ee20c53d5bedef19714b1660442f8ec31791cbdd2",
      "uncleHash": "1dcc4de8dec75d7aab85b567b6ccd41ad312451b948a7413f0a142fd40d49347"
    },
    "number": "10920",
    "size": "656",
    "transactionTraces": [
      {
        "beginOrdinal": "1",
        "calls": [
          {
            "address": "04a174104351a8630ed69ae433d6c7b092210c56",
            "balanceChanges": [
              {
                "address": "04a174104351a8630ed69ae433d6c7b092210c56",
                "newValue": {
                  "bytes": "040ef427d24b22447000"
                },
                "oldValue": {
                  "bytes": "040ef475fb2d4b537000"
                },
                "ordinal": "2",
                "reason": "REASON_GAS_BUY"
              },
              {
                "address": "04a174104351a8630ed69ae433d6c7b092210c56",
                "newValue": {
                  "bytes": "040ee6471b977ae07000"
                },
                "oldValue": {
                  "bytes": "040ef427d24b22447000"
                },
                "ordinal": "6",
                "reason": "REASON_TRANSFER"
              },
              {
                "address": "04a174104351a8630ed69ae433d6c7b092210c56",
                "newValue": {
                  "bytes": "040ef427d24b22447000"
                },
                "oldValue": {
                  "bytes": "040ee6471b977ae07000"
                },
                "ordinal": "7",
                "reason": "REASON_TRANSFER"
              },
              {
                "address": "04a174104351a8630ed69ae433d6c7b092210c56",
                "newValue": {
                  "bytes": "040ef44c97904bb15000"
                },
                "oldValue": {
                  "bytes": "040ef427d24b22447000"
                },
                "ordinal": "9",
                "reason": "REASON_GAS_REFUND"
              }
            ],
            "callType": "CALL",
            "caller": "04a174104351a8630ed69ae433d6c7b092210c56",
            "endOrdinal": "8",
            "gasChanges": [
              {
                "newValue": "23000",
                "oldValue": "44000",
                "ordinal": "3",
                "reason": "REASON_INTRINSIC_GAS"
              }
            ],
            "gasLimit": "23000",
            "index": 1,
            "nonceChanges": [
              {
                "address": "04a174104351a8630ed69ae433d6c7b092210c56",
                "newValue": "3",
                "oldValue": "2",
                "ordinal": "4"
              }
            ],
            "value": {
              "bytes": "0de0b6b3a7640000"
            }
          }
        ],
        "endOrdinal": "10",
        "from": "04a174104351a8630ed69ae433d6c7b092210c56",
        "gasLimit": "44000",
        "gasPrice": {
          "bytes": "746a528800"
        },
        "gasUsed": "23300",
        "hash": "b80f4bdda9d2222e5bcb960eed26fa72025835b0eceed370d4def45fd3f2bf72",
        "nonce": "2",
        "r": "f708ba85ef44e85fb66925c2c92edf1b2e8dd12052d9ee09fd3dc105f4aa6471",
        "receipt": {
          "cumulativeGasUsed": "23300",
          "logsBloom": "00000000000000000000000000000000000000000000000000000000000000000000000000000000000000000000000000000000000000000000000000000000000000000000000000000000000000000000000000000000000000000000000000000000000000000000000000000000000000000000000000000000000000000000000000000000000000000000000000000000000000000000000000000000000000000000000000000000000000000000000000000000000000000000000000000000000000000000000000000000000000000000000000000000000000000000000000000000000000000000000000000000000000000000000000000000"
        },
        "s": "4cc9fd2858c8f47401702a2e80ab80a07e480731206f57d7ae6de4005745b20c",
        "status": "SUCCEEDED",
        "to": "04a174104351a8630ed69ae433d6c7b092210c56",
        "v": "1c",
        "value": {
          "bytes": "0de0b6b3a7640000"
        }
      }
    ],
    "ver": 3
  },
  {
    "hash": "7ff182f5119abddc2b4f4e6ab876c46bf9fa1afc76886f69b38649fddc172d62",
    "header": {
      "coinbase": "0000000000000000000000000000000000000000",
      "difficulty": {
        "bytes": "00"
      },
      "extraData": "0000005f000005526eb6a06babb5cd8a630747533b1b17d423c258c7b28e7291",
      "gasLimit": "281474976710655",
      "hash": "7ff182f5119abddc2b4f4e6ab876c46bf9fa1afc76886f69b38649fddc172d62",
      "logsBloom": "00000000000000000000000000000000000000000000000000000000000000000000000000000000000000000000000000000000000000000000000000000000000000000000000000000000000000000000000000000000000000000000000000000000000000000000000000000000000000000000000000000000000000000000000000000000000000000000000000000000000000000000000000000000000000000000000000000000000000000000000000000000000000000000000000000000000000000000000000000000000000000000000000000000000000000000000000000000000000000000000000000000000000000000000000000000",
      "mixHash": "0000000000000000000000000000000000000000000000000000000000000000",
      "number": "10921",
      "parentHash": "0000005f0000054ad7c1d5bad47d114b2fb0301a7347e7010c65ec6be6ef3542",
      "receiptRoot": "56e81f171bcc55a6ff8345e692c0f86e5b48e01b996cadc001622fb5e363b421",
      "stateRoot": "0000000000000000000000000000000000000000000000000000000000000000",
      "timestamp": "2020-01-12T15:09:48Z",
      "transactionsRoot": "56e81f171bcc55a6ff8345e692c0f86e5b48e01b996cadc001622fb5e363b421",
      "uncleHash": "1dcc4de8dec75d7aab85b567b6ccd41ad312451b948a7413f0a142fd40d49347"
    },
    "number": "10921",
    "size": "545",
    "ver": 3
  },
  {
    "hash": "4159371e17de63725b034f36abd46d4b17bc03fc4357fc0cdb36505c57c3be98",
    "header": {
      "coinbase": "0000000000000000000000000000000000000000",
      "difficulty": {
        "bytes": "00"
      },
      "extraData": "0000005f00000560f691cd6d7953523b9a02bf95cb69af4091236deccb9b4ace",
      "gasLimit": "281474976710655",
      "hash": "4159371e17de63725b034f36abd46d4b17bc03fc4357fc0cdb36505c57c3be98",
      "logsBloom": "00000000000000000000000000000000000000000000000000000000000000000000000000000000000000000000000000000000000000000000000000000000000000000000000000000000000000000000000000000000000000000000000000000000000000000000000000000000000000000000000000000000000000000000000000000000000000000000000000000000000000000000000000000000000000000000000000000000000000000000000000000000000000000000000000000000000000000000000000000000000000000000000000000000000000000000000000000000000000000000000000000000000000000000000000000000",
      "mixHash": "0000000000000000000000000000000000000000000000000000000000000000",
      "number": "10922",
      "parentHash": "0000005f000005526eb6a06babb5cd8a630747533b1b17d423c258c7b28e7291",
      "receiptRoot": "56e81f171bcc55a6ff8345e692c0f86e5b48e01b996cadc001622fb5e363b421",
      "stateRoot": "0000000000000000000000000000000000000000000000000000000000000000",
      "timestamp": "2020-01-12T15:09:49Z",
      "transactionsRoot": "f36e5bca9d515634837f4b603603589d93266af088062ca59720265ab60d7130",
      "uncleHash": "1dcc4de8dec75d7aab85b567b6ccd41ad312451b948a7413f0a142fd40d49347"
    },
    "number": "10922",
    "size": "672",
    "transactionTraces": [
      {
        "beginOrdinal": "11",
        "calls": [
          {
            "address": "617734fa3995c9af51abaab83771f3a035ca2d9c",
            "balanceChanges": [
              {
                "address": "d6a37423be930019b8cfea57be049329f3119a3d",
                "newValue": {
                  "bytes": "047a7f6a9b68469628360106"
                },
                "oldValue": {
                  "bytes": "047a7f6a9bb2e1f9ac7e8106"
                },
                "ordinal": "12",
                "reason": "REASON_GAS_BUY"
              },
              {
                "address": "d6a37423be930019b8cfea57be049329f3119a3d",
                "newValue": {
                  "bytes": "047a7f652fa0e868c5260106"
                },
                "oldValue": {
                  "bytes": "047a7f6a9b68469628360106"
                },
                "ordinal": "16",
                "reason": "REASON_TRANSFER"
              },
              {
                "address": "617734fa3995c9af51abaab83771f3a035ca2d9c",
                "newValue": {
                  "bytes": "05728e55ea371fe000"
                },
                "oldValue": {
                  "bytes": "06c6f7bcd40fe000"
                },
                "ordinal": "17",
                "reason": "REASON_TRANSFER"
              },
              {
                "address": "d6a37423be930019b8cfea57be049329f3119a3d",
                "newValue": {
                  "bytes": "047a7f652fc22618affd4906"
                },
                "oldValue": {
                  "bytes": "047a7f652fa0e868c5260106"
                },
                "ordinal": "19",
                "reason": "REASON_GAS_REFUND"
              }
            ],
            "callType": "CALL",
            "caller": "d6a37423be930019b8cfea57be049329f3119a3d",
            "endOrdinal": "18",
            "gasChanges": [
              {
                "newValue": "20792",
                "oldValue": "42000",
                "ordinal": "13",
                "reason": "REASON_INTRINSIC_GAS"
              }
            ],
            "gasLimit": "20792",
            "index": 1,
            "input": "424e4272696467652053776170",
            "nonceChanges": [
              {
                "address": "d6a37423be930019b8cfea57be049329f3119a3d",
                "newValue": "1684",
                "oldValue": "1683",
                "ordinal": "14"
              }
            ],
            "value": {
              "bytes": "056bc75e2d63100000"
            }
          }
        ],
        "endOrdinal": "20",
        "from": "d6a37423be930019b8cfea57be049329f3119a3d",
        "gasLimit": "42000",
        "gasPrice": {
          "bytes": "746a528800"
        },
        "gasUsed": "23287",
        "hash": "d991f73603f8c257cab8dde1797006c389ce52ecb6a4c99ba8d1de94e16b7031",
        "input": "424e4272696467652053776170",
        "nonce": "1683",
        "r": "35d1d0edf44af952e7759f5b278bc0cb3cbaf897b35267ebb744205dfbbeb60f",
        "receipt": {
          "cumulativeGasUsed": "23287",
          "logsBloom": "00000000000000000000000000000000000000000000000000000000000000000000000000000000000000000000000000000000000000000000000000000000000000000000000000000000000000000000000000000000000000000000000000000000000000000000000000000000000000000000000000000000000000000000000000000000000000000000000000000000000000000000000000000000000000000000000000000000000000000000000000000000000000000000000000000000000000000000000000000000000000000000000000000000000000000000000000000000000000000000000000000000000000000000000000000000"
        },
        "s": "06ed1fbf02475e15c17623bb09fe1193f43780a6752394f4c888fedee235bb79",
        "status": "SUCCEEDED",
        "to": "617734fa3995c9af51abaab83771f3a035ca2d9c",
        "v": "1c",
        "value": {
          "bytes": "056bc75e2d63100000"
        }
      }
    ],
    "ver": 3
  },
  {
    "hash": "e8009870148fa13ea977fd5c7ebe751d532f0062186b2f3f5731a490d68cd627",
    "header": {
      "coinbase": "0000000000000000000000000000000000000000",
      "difficulty": {
        "bytes": "00"
      },
      "extraData": "0000005f0000056bebb59601486d06eb7780fba80775ba893025d63e8a112e1f",
      "gasLimit": "281474976710655",
      "hash": "e8009870148fa13ea977fd5c7ebe751d532f0062186b2f3f5731a490d68cd627",
      "logsBloom": "00000000000000000000000000000000000000000000000000000000000000000000000000000000000000000000000000000000000000000000000000000000000000000000000000000000000000000000000000000000000000000000000000000000000000000000000000000000000000000000000000000000000000000000000000000000000000000000000000000000000000000000000000000000000000000000000000000000000000000000000000000000000000000000000000000000000000000000000000000000000000000000000000000000000000000000000000000000000000000000000000000000000000000000000000000000",
      "mixHash": "0000000000000000000000000000000000000000000000000000000000000000",
      "number": "10923",
      "parentHash": "0000005f00000560f691cd6d7953523b9a02bf95cb69af4091236deccb9b4ace",
      "receiptRoot": "56e81f171bcc55a6ff8345e692c0f86e5b48e01b996cadc001622fb5e363b421",
      "stateRoot": "0000000000000000000000000000000000000000000000000000000000000000",
      "timestamp": "2020-01-12T15:11:01Z",
      "transactionsRoot": "56e81f171bcc55a6ff8345e692c0f86e5b48e01b996cadc001622fb5e363b421",
      "uncleHash": "1dcc4de8dec75d7aab85b567b6ccd41ad312451b948a7413f0a142fd40d49347"
    },
    "number": "10923",
    "size": "545",
    "ver": 3
  },
  {
    "hash": "6bbe0faed87654fda414bcf0f046f6daa2ec7af2270dc8d3c9398fe3921c9e11",
    "header": {
      "coinbase": "0000000000000000000000000000000000000000",
      "difficulty": {
        "bytes": "00"
      },
      "extraData": "0000005f0000057b3c9c8877f6e77f5f8b1982d54939484e2b4cd3ddd539722f",
      "gasLimit": "281474976710655",
      "hash": "6bbe0faed87654fda414bcf0f046f6daa2ec7af2270dc8d3c9398fe3921c9e11",
      "logsBloom": "00000000000000000000000000000000000000000000000000000000000000000000000000000000000000000000000000000000000000000000000000000000000000000000000000000000000000000000000000000000000000000000000000000000000000000000000000000000000000000000000000000000000000000000000000000000000000000000000000000000000000000000000000000000000000000000000000000000000000000000000000000000000000000000000000000000000000000000000000000000000000000000000000000000000000000000000000000000000000000000000000000000000000000000000000000000",
      "mixHash": "0000000000000000000000000000000000000000000000000000000000000000",
      "number": "10924",
      "parentHash": "0000005f0000056bebb59601486d06eb7780fba80775ba893025d63e8a112e1f",
      "receiptRoot": "56e81f171bcc55a6ff8345e692c0f86e5b48e01b996cadc001622fb5e363b421",
      "stateRoot": "0000000000000000000000000000000000000000000000000000000000000000",
      "timestamp": "2020-01-12T15:11:02Z",
      "transactionsRoot": "f36e5bca9d515634837f4b603603589d93266af088062ca59720265ab60d7130",
      "uncleHash": "1dcc4de8dec75d7aab85b567b6ccd41ad312451b948a7413f0a142fd40d49347"
    },
    "number": "10924",
    "size": "672",
    "ver": 3
  },
  {
    "hash": "4c59f45ef1f07c19857589d32ea0f8fff0856b81b3372a89893ff537f7141239",
    "header": {
      "coinbase": "0000000000000000000000000000000000000000",
      "difficulty": {
        "bytes": "00"
      },
      "extraData": "0000005f0000058924a8366e85c6b14fa0695b2f7172d9a0237272ff6750d4c6",
      "gasLimit": "281474976710655",
      "hash": "4c59f45ef1f07c19857589d32ea0f8fff0856b81b3372a89893ff537f7141239",
      "logsBloom": "00000000000000000000000000000000000000000000000000000000000000000000000000000000000000000000000000000000000000000000000000000000000000000000000000000000000000000000000000000000000000000000000000000000000000000000000000000000000000000000000000000000000000000000000000000000000000000000000000000000000000000000000000000000000000000000000000000000000000000000000000000000000000000000000000000000000000000000000000000000000000000000000000000000000000000000000000000000000000000000000000000000000000000000000000000000",
      "mixHash": "0000000000000000000000000000000000000000000000000000000000000000",
      "number": "10925",
      "parentHash": "0000005f0000057b3c9c8877f6e77f5f8b1982d54939484e2b4cd3ddd539722f",
      "receiptRoot": "56e81f171bcc55a6ff8345e692c0f86e5b48e01b996cadc001622fb5e363b421",
      "stateRoot": "0000000000000000000000000000000000000000000000000000000000000000",
      "timestamp": "2020-01-12T15:11:03Z",
      "transactionsRoot": "56e81f171bcc55a6ff8345e692c0f86e5b48e01b996cadc001622fb5e363b421",
      "uncleHash": "1dcc4de8dec75d7aab85b567b6ccd41ad312451b948a7413f0a142fd40d49347"
    },
    "number": "10925",
    "size": "545",
    "ver": 3
  },
  {
    "hash": "4e78c595e5d6d8d90bccf5a7f5c4732fd916784b399d0e1f1ae5f1af25bde5e6",
    "header": {
      "coinbase": "0000000000000000000000000000000000000000",
      "difficulty": {
        "bytes": "00"
      },
      "extraData": "0000005f0000059751f03a5e3ff32c81430d7942f6480e748bfe528b33859559",
      "gasLimit": "281474976710655",
      "hash": "4e78c595e5d6d8d90bccf5a7f5c4732fd916784b399d0e1f1ae5f1af25bde5e6",
      "logsBloom": "00000000000000000000000000000000000000000000000000000000000000000000000000000000000000000000000000000000000000000000000000000000000000000000000000000000000000000000000000000000000000000000000000000000000000000000000000000000000000000000000000000000000000000000000000000000000000000000000000000000000000000000000000000000000000000000000000000000000000000000000000000000000000000000000000000000000000000000000000000000000000000000000000000000000000000000000000000000000000000000000000000000000000000000000000000000",
      "mixHash": "0000000000000000000000000000000000000000000000000000000000000000",
      "number": "10926",
      "parentHash": "0000005f0000058924a8366e85c6b14fa0695b2f7172d9a0237272ff6750d4c6",
      "receiptRoot": "56e81f171bcc55a6ff8345e692c0f86e5b48e01b996cadc001622fb5e363b421",
      "stateRoot": "0000000000000000000000000000000000000000000000000000000000000000",
      "timestamp": "2020-01-12T15:11:04Z",
      "transactionsRoot": "56e81f171bcc55a6ff8345e692c0f86e5b48e01b996cadc001622fb5e363b421",
      "uncleHash": "1dcc4de8dec75d7aab85b567b6ccd41ad312451b948a7413f0a142fd40d49347"
    },
    "number": "10926",
    "size": "545",
    "ver": 3
  },
  {
    "hash": "52fa5f47fe712f297f4ee29537a797bf622f52546fe0d9ee4442847847694c6f",
    "header": {
      "coinbase": "0000000000000000000000000000000000000000",
      "difficulty": {
        "bytes": "00"
      },
      "extraData": "0000005f000005b09e4df53733023ccc61d3993e2fc023fe526fa5cc18030345",
      "gasLimit": "281474976710655",
      "hash": "52fa5f47fe712f297f4ee29537a797bf622f52546fe0d9ee4442847847694c6f",
      "logsBloom": "00000000000000000000000000000000000000000000000000000000000000000000000000000000000000000000000000000000000000000000000000000000000000000000000000000000000000000000000000000000000000000000000000000000000000000000000000000000000000000000000000000000000000000000000000000000000000000000000000000000000000000000000000000000000000000000000000000000000000000000000000000000000000000000000000000000000000000000000000000000000000000000000000000000000000000000000000000000000000000000000000000000000000000000000000000000",
      "mixHash": "0000000000000000000000000000000000000000000000000000000000000000",
      "number": "10927",
      "parentHash": "0000005f0000059751f03a5e3ff32c81430d7942f6480e748bfe528b33859559",
      "receiptRoot": "56e81f171bcc55a6ff8345e692c0f86e5b48e01b996cadc001622fb5e363b421",
      "stateRoot": "0000000000000000000000000000000000000000000000000000000000000000",
      "timestamp": "2020-01-12T15:12:27Z",
      "transactionsRoot": "1fd6e5e74b10782b804f4c31188a9206f017213d9e4937f3ee1c80cf304af713",
      "uncleHash": "1dcc4de8dec75d7aab85b567b6ccd41ad312451b948a7413f0a142fd40d49347"
    },
    "number": "10927",
    "size": "656",
    "transactionTraces": [
      {
        "beginOrdinal": "23",
        "calls": [
          {
            "address": "2e58d4ecac1816b2d9cf5829699e5e5f15c80455",
            "balanceChanges": [
              {
                "address": "04a174104351a8630ed69ae433d6c7b092210c56",
                "newValue": {
                  "bytes": "040ef3fe6eae22a25000"
                },
                "oldValue": {
                  "bytes": "040ef44c97904bb15000"
                },
                "ordinal": "24",
                "reason": "REASON_GAS_BUY"
              },
              {
                "address": "04a174104351a8630ed69ae433d6c7b092210c56",
                "newValue": {
                  "bytes": "040e69374ba998ba5000"
                },
                "oldValue": {
                  "bytes": "040ef3fe6eae22a25000"
                },
                "ordinal": "28",
                "reason": "REASON_TRANSFER"
              },
              {
                "address": "2e58d4ecac1816b2d9cf5829699e5e5f15c80455",
                "newValue": {
                  "bytes": "01314fb37062980000"
                },
                "oldValue": {
                  "bytes": "a688906bd8b00000"
                },
                "ordinal": "29",
                "reason": "REASON_TRANSFER"
              },
              {
                "address": "04a174104351a8630ed69ae433d6c7b092210c56",
                "newValue": {
                  "bytes": "040e695c10eec2273000"
                },
                "oldValue": {
                  "bytes": "040e69374ba998ba5000"
                },
                "ordinal": "31",
                "reason": "REASON_GAS_REFUND"
              }
            ],
            "callType": "CALL",
            "caller": "04a174104351a8630ed69ae433d6c7b092210c56",
            "endOrdinal": "30",
            "gasChanges": [
              {
                "newValue": "23000",
                "oldValue": "44000",
                "ordinal": "25",
                "reason": "REASON_INTRINSIC_GAS"
              }
            ],
            "gasLimit": "23000",
            "index": 1,
            "nonceChanges": [
              {
                "address": "04a174104351a8630ed69ae433d6c7b092210c56",
                "newValue": "4",
                "oldValue": "3",
                "ordinal": "26"
              }
            ],
            "value": {
              "bytes": "8ac7230489e80000"
            }
          }
        ],
        "endOrdinal": "32",
        "from": "04a174104351a8630ed69ae433d6c7b092210c56",
        "gasLimit": "44000",
        "gasPrice": {
          "bytes": "746a528800"
        },
        "gasUsed": "23300",
        "hash": "bc1b84d069c55f7016fcf3d5f29fe619dffe87ae4ab3f8c31abe03ef709614da",
        "nonce": "3",
        "r": "730a74ec20194dded155f46a37592a33c3149bdfb8577751d3d358779e2f45ce",
        "receipt": {
          "cumulativeGasUsed": "23300",
          "logsBloom": "00000000000000000000000000000000000000000000000000000000000000000000000000000000000000000000000000000000000000000000000000000000000000000000000000000000000000000000000000000000000000000000000000000000000000000000000000000000000000000000000000000000000000000000000000000000000000000000000000000000000000000000000000000000000000000000000000000000000000000000000000000000000000000000000000000000000000000000000000000000000000000000000000000000000000000000000000000000000000000000000000000000000000000000000000000000"
        },
        "s": "13f8871daf5e894623cca2e8febc87028fcbb8ca4286fb37d27717ab9018ef10",
        "status": "SUCCEEDED",
        "to": "2e58d4ecac1816b2d9cf5829699e5e5f15c80455",
        "v": "1c",
        "value": {
          "bytes": "8ac7230489e80000"
        }
      }
    ],
    "ver": 3
  },
  {
    "hash": "43bcf9601315213230ab743783dfc81681723c72d935b8750b1b8bf8a703343a",
    "header": {
      "coinbase": "0000000000000000000000000000000000000000",
      "difficulty": {
        "bytes": "00"
      },
      "extraData": "0000005f000005be2716cc12f6d7bec6e730ad30747927c64ab4740598bbb4b8",
      "gasLimit": "281474976710655",
      "hash": "43bcf9601315213230ab743783dfc81681723c72d935b8750b1b8bf8a703343a",
      "logsBloom": "00000000000000000000000000000000000000000000000000000000000000000000000000000000000000000000000000000000000000000000000000000000000000000000000000000000000000000000000000000000000000000000000000000000000000000000000000000000000000000000000000000000000000000000000000000000000000000000000000000000000000000000000000000000000000000000000000000000000000000000000000000000000000000000000000000000000000000000000000000000000000000000000000000000000000000000000000000000000000000000000000000000000000000000000000000000",
      "mixHash": "0000000000000000000000000000000000000000000000000000000000000000",
      "number": "10928",
      "parentHash": "0000005f000005b09e4df53733023ccc61d3993e2fc023fe526fa5cc18030345",
      "receiptRoot": "56e81f171bcc55a6ff8345e692c0f86e5b48e01b996cadc001622fb5e363b421",
      "stateRoot": "0000000000000000000000000000000000000000000000000000000000000000",
      "timestamp": "2020-01-12T15:12:28Z",
      "transactionsRoot": "56e81f171bcc55a6ff8345e692c0f86e5b48e01b996cadc001622fb5e363b421",
      "uncleHash": "1dcc4de8dec75d7aab85b567b6ccd41ad312451b948a7413f0a142fd40d49347"
    },
    "number": "10928",
    "size": "545",
    "ver": 3
  }
]