[
  {
    "hash": "422af5b0ab069273d82acc077d82c571275756a2209d6c8aa567131800ca31b1",
    "header": {
      "baseFeePerGas": {
        "bytes": "0d3cd0eda1"
      },
      "coinbase": "0000000000000000000000000000000000000000",
      "difficulty": {
        "bytes": "15"
      },
      "extraData": "d782040083626f7289676f312e31392e3130856c696e7578000000000000000034966b0287bdac0f41eb2c9da4c868040b3df1682a66a52579eb5a599e036c0d743fa90720568fc43e32c907bce9f7039e0120e2b60dff5b4188ec8658185df601",
      "gasLimit": "30000000",
      "gasUsed": "6982955",
      "hash": "422af5b0ab069273d82acc077d82c571275756a2209d6c8aa567131800ca31b1",
      "logsBloom": "01aa481d12200002a4080a70904600405111436040240000984a11708b820019c060900cc5250091022c097020144087510ba0048002948000d6038812a8acc2a132c103989660302003994d203020a41cd1b46811828901f88120d791053002120000464790654192200c00460409209004827148800405aa50001029a060280633092284ba6185484338457050320088532cc00080309d017c2048400000982207c3701602c840782a00ac5c802101540230065a08132a00004105080129508224228682ca10005907b420682a0812514143404c08a052a0398108048220072910e8980002101a804b212e11002821e40309015434e839ed004e0202b00881",
      "mixHash": "0000000000000000000000000000000000000000000000000000000000000000",
      "number": "46560240",
      "parentHash": "d73fe2b23166459a2549bf0183be76fd147b30379534e179adfbc27886652704",
      "receiptRoot": "b3f9657e49ab7bfeea50c6cb354ca732ba42785c6c92341bdd71947358fb47fe",
      "stateRoot": "0895073e353f6b29889143656853c6666849c7769ed98256f82819b44766dc38",
      "timestamp": "2023-08-21T02:23:21Z",
      "totalDifficulty": {
        "bytes": "3013de3d"
      },
      "transactionsRoot": "5188a4495770a672a5dbffa412da66bac673d740205cad6570c5d04f2d6f0cb8",
      "uncleHash": "1dcc4de8dec75d7aab85b567b6ccd41ad312451b948a7413f0a142fd40d49347"
    },
    "number": "46560240",
    "size": "33360",
    "transactionTraces": [
      {
        "beginOrdinal": "1",
        "calls": [
          {
            "address": "db414fe5a6ae09f4b58df1e5615c38c4bee10a84",
            "balanceChanges": [
              {
                "address": "d77cd621164b78f85fb7d56ae75997e6c19b88a1",
                "newValue": {
                  "bytes": "3ed526283c57812c3a"
                },
                "oldValue": {
                  "bytes": "3f9cfd3bf0f5212c3a"
                },
                "ordinal": "2",
                "reason": "REASON_GAS_BUY"
              }
            ],
            "callType": "CALL",
            "caller": "d77cd621164b78f85fb7d56ae75997e6c19b88a1",
            "endOrdinal": "17",
            "executedCode": true,
            "gasChanges": [
              {
                "newValue": "19977588",
                "oldValue": "20000000",
                "ordinal": "3",
                "reason": "REASON_INTRINSIC_GAS"
              }
            ],
            "gasConsumed": "38431",
            "gasLimit": "19977588",
            "index": 1,
            "input": "7b06424000000000000000000000000000000000000000000000000000000000000000c0000000000000000000000000000000000000000000000000000603658f95bfc00000000000000000000000000000000000000000000000000000000064e2caa50000000000000000000000000000000000000000000000000000000064e2cabf000000000000000000000000000000000000000000000000000000000f92e0e60000000000000000000000000000000000000000000000000000000000000064000000000000000000000000000000000000000000000000000000000000000533303a3135000000000000000000000000000000000000000000000000000000",
            "nonceChanges": [
              {
                "address": "d77cd621164b78f85fb7d56ae75997e6c19b88a1",
                "newValue": "28584",
                "oldValue": "28583",
                "ordinal": "4"
              }
            ]
          }
        ],
        "endOrdinal": "22",
        "from": "d77cd621164b78f85fb7d56ae75997e6c19b88a1",
        "gasLimit": "20000000",
        "gasPrice": {
          "bytes": "a7a3582000"
        },
        "gasUsed": "60843",
        "hash": "61c294583def04f258310f5abe2f39a99388e8cb43afae27bbc360e22e8b626c",
        "input": "7b06424000000000000000000000000000000000000000000000000000000000000000c0000000000000000000000000000000000000000000000000000603658f95bfc00000000000000000000000000000000000000000000000000000000064e2caa50000000000000000000000000000000000000000000000000000000064e2cabf000000000000000000000000000000000000000000000000000000000f92e0e60000000000000000000000000000000000000000000000000000000000000064000000000000000000000000000000000000000000000000000000000000000533303a3135000000000000000000000000000000000000000000000000000000",
        "nonce": "28583",
        "r": "10b230f254caa9c6ee5812e4d7ad468187e723dd441da3d19e094de9823d8172",
        "receipt": {
          "cumulativeGasUsed": "60843",
          "logsBloom": "00000000000000008000000000000000000000000000000000400000000000000000000084000000000000000000000000008000000000000000000000000000000000000000000000000000000000800000000000000000000100000000200000000000000000000000000000000000800000000000000080100000000000000000000200200000000000000000000000010000000000000000000000000080200000000000000000000000000000000000000000000000000000000001004000000000000000000001200000000000000000000000000000100000000000000000000000000000000000000000000100000000000000000000000000100000"
        },
        "s": "65055cbe9a0f118ba8888d7cabeb082704e1bf230c397fdd02497217761ebb94",
        "status": "SUCCEEDED",
        "to": "db414fe5a6ae09f4b58df1e5615c38c4bee10a84",
        "type": "TRX_TYPE_DYNAMIC_FEE"
      },
      {
        "beginOrdinal": "23",
        "calls": [
          {
            "address": "0000000000000000000000000000000000000000",
            "callType": "CALL",
            "caller": "0000000000000000000000000000000000000000",
            "endOrdinal": "43",
            "index": 1
          },
          {
            "address": "0000000000000000000000000000000000001001",
            "callType": "CALL",
            "caller": "fffffffffffffffffffffffffffffffffffffffe",
            "depth": 1,
            "endOrdinal": "43",
            "executedCode": true,
            "gasChanges": [
              {
                "newValue": "9223372036854775218",
                "oldValue": "9223372036854775275",
                "ordinal": "25",
                "reason": "REASON_CALL_DATA_COPY"
              },
              {
                "newValue": "9223372036854762349",
                "oldValue": "9223372036854762390",
                "ordinal": "27",
                "reason": "REASON_CODE_COPY"
              },
              {
                "newValue": "9223372036849757716",
                "oldValue": "9223372036854757816",
                "ordinal": "28",
                "reason": "REASON_CALL"
              },
              {
                "newValue": "9223372036854725778",
                "oldValue": "9223372036849757716",
                "ordinal": "42",
                "reason": "REASON_REFUND_AFTER_EXECUTION"
              }
            ],
            "gasConsumed": "50133",
            "gasLimit": "9223372036854775807",
            "index": 2,
            "input": "19494a170000000000000000000000000000000000000000000000000000000064e2ca0000000000000000000000000000000000000000000000000000000000000000400000000000000000000000000000000000000000000000000000000000000104f901018329f989948397259c983751daf40400790063935a11afa28ab8c0000000000000000000000000c7dd5c30dca04f487c9ede0c5ac580c91587fc660000000000000000000000000833f5bd45803e05ef54e119a77e463ce6b1a9630000000000000000000000000000000000000000000000000000000000000060000000000000000000000000000000000000000000000000000000000000004000000000000000000000000000000000000000000066cd4602254c10bb4ff0580000000000000000000000000000000000000000006f5663e58fe5dfef8351b3a09f51e1d310bc7d1a7a3da606c56559bbcfdbaa312171f7f479370d1634f4d6fc298331333700000000000000000000000000000000000000000000000000000000",
            "parentIndex": 1,
            "returnData": "0000000000000000000000000000000000000000000000000000000000000001",
            "storageChanges": [
              {
                "address": "0000000000000000000000000000000000001001",
                "key": "0000000000000000000000000000000000000000000000000000000000000000",
                "newValue": "000000000000000000000000000000000000000000000000000000000029f989",
                "oldValue": "000000000000000000000000000000000000000000000000000000000029f988",
                "ordinal": "26"
              }
            ]
          },
          {
            "address": "8397259c983751daf40400790063935a11afa28a",
            "beginOrdinal": "29",
            "callType": "CALL",
            "caller": "0000000000000000000000000000000000001001",
            "depth": 2,
            "endOrdinal": "41",
            "executedCode": true,
            "gasChanges": [
              {
                "newValue": "4999194",
                "oldValue": "4999209",
                "ordinal": "30",
                "reason": "REASON_CALL_DATA_COPY"
              },
              {
                "newValue": "4996383",
                "oldValue": "4998669",
                "ordinal": "31",
                "reason": "REASON_EVENT_LOG"
              },
              {
                "newValue": "78018",
                "oldValue": "4993304",
                "ordinal": "33",
                "reason": "REASON_CALL"
              },
              {
                "newValue": "4968114",
                "oldValue": "78018",
                "ordinal": "40",
                "reason": "REASON_REFUND_AFTER_EXECUTION"
              }
            ],
            "gasConsumed": "31938",
            "gasLimit": "5000000",
            "index": 3,
            "input": "26c53bea000000000000000000000000000000000000000000000000000000000029f989000000000000000000000000000000000000000000000000000000000000004000000000000000000000000000000000000000000000000000000000000000c0000000000000000000000000c7dd5c30dca04f487c9ede0c5ac580c91587fc660000000000000000000000000833f5bd45803e05ef54e119a77e463ce6b1a9630000000000000000000000000000000000000000000000000000000000000060000000000000000000000000000000000000000000000000000000000000004000000000000000000000000000000000000000000066cd4602254c10bb4ff0580000000000000000000000000000000000000000006f5663e58fe5dfef8351b3",
            "parentIndex": 2
          },
          {
            "address": "0833f5bd45803e05ef54e119a77e463ce6b1a963",
            "beginOrdinal": "34",
            "callType": "CALL",
            "caller": "8397259c983751daf40400790063935a11afa28a",
            "depth": 3,
            "endOrdinal": "39",
            "executedCode": true,
            "gasChanges": [
              {
                "newValue": "4912366",
                "oldValue": "4912381",
                "ordinal": "35",
                "reason": "REASON_CALL_DATA_COPY"
              }
            ],
            "gasConsumed": "25090",
            "gasLimit": "4915186",
            "index": 4,
            "input": "9a7c4b71000000000000000000000000000000000000000000000000000000000029f989000000000000000000000000c7dd5c30dca04f487c9ede0c5ac580c91587fc660000000000000000000000000000000000000000000000000000000000000060000000000000000000000000000000000000000000000000000000000000004000000000000000000000000000000000000000000066cd4602254c10bb4ff0580000000000000000000000000000000000000000006f5663e58fe5dfef8351b3",
            "keccakPreimages": {
              "8a35acfbc15ff81a39ae7d344fd709f28e8600b4aa8c65c6b64bfe7fe36bd19b": "0000000000000000000000000000000000000000000000000000000000000004"
            },
            "parentIndex": 3,
            "storageChanges": [
              {
                "address": "0833f5bd45803e05ef54e119a77e463ce6b1a963",
                "key": "0000000000000000000000000000000000000000000000000000000000000002",
                "newValue": "000000000000000000000000000000000000000000000000000000000029f989",
                "oldValue": "000000000000000000000000000000000000000000000000000000000029f96c",
                "ordinal": "36"
              },
              {
                "address": "0833f5bd45803e05ef54e119a77e463ce6b1a963",
                "key": "8a35acfbc15ff81a39ae7d344fd709f28e8600b4aa8c65c6b64bfe7fe36bd19b",
                "newValue": "00000000000000000000000000000000000000000066cd4602254c10bb4ff058",
                "oldValue": "00000000000000000000000000000000000000000066ccf1ae94a300fbff0028",
                "ordinal": "37"
              },
              {
                "address": "0833f5bd45803e05ef54e119a77e463ce6b1a963",
                "key": "8a35acfbc15ff81a39ae7d344fd709f28e8600b4aa8c65c6b64bfe7fe36bd19c",
                "newValue": "0000000000000000000000000000000000000000006f5663e58fe5dfef8351b3",
                "oldValue": "0000000000000000000000000000000000000000006f560891963845ab4001b3",
                "ordinal": "38"
              }
            ]
          }
        ],
        "endOrdinal": "44",
        "from": "0000000000000000000000000000000000000000",
        "hash": "f86551f5db4f6b2449c8341ce2cc56367c146fcd443b308e1fa40335bb22b692",
        "index": 1,
        "receipt": {
          "logsBloom": "00000000000000000000000000000000000000000000000000000000000000000000000000000000000000000000000000000000000000000000000000000000000000000000000000000000000000000000000000000000000000000000000000000000000000000000000000000000000000000000000000000000000000000000000000000000000000000000000000000000000000000000000000000000000000000000000000000000000000000000000000000000000000000000000000000000000000000000000000000000000000000000000000000000000000000000000000000000000000000000000000000000000000000000000000000000"
        },
        "status": "SUCCEEDED",
        "to": "0000000000000000000000000000000000000000"
      },
      {
        "beginOrdinal": "45",
        "calls": [
          {
            "accountCreations": [
              {
                "account": "fffffffffffffffffffffffffffffffffffffffe",
                "ordinal": "47"
              }
            ],
            "address": "0000000000000000000000000000000000001000",
            "callType": "CALL",
            "caller": "fffffffffffffffffffffffffffffffffffffffe",
            "endOrdinal": "563",
            "executedCode": true,
            "gasConsumed": "9445792",
            "gasLimit": "9223372036854775807",
            "index": 1,
            "input": "23c2a2b40000000000000000000000000000000000000000000000000000000000001c6c0000000000000000000000000000000000000000000000000000000002c674000000000000000000000000000000000000000000000000000000000002c68cff00000000000000000000000000000000000000000000000000000000000000a00000000000000000000000000000000000000000000000000000000000000be00000000000000000000000000000000000000000000000000000000000000b19f90b16db7f8401160fda9400856730088a5c3191bd26eb482e45229555ce57db818883218cc39400b69ba135b496b7f17fdfcd50d48b86bb397be6db8184837833c3940208652a93baf5f1962849efcf5795eac7439a5eda2083d1354a9402f70172f7f490653665c9bfac0666147c8af1f5da6f830a301e940306b7d3095ab008927166cd648a8ca7dbe53f05dc818f840172918894048cfedf907c4c9ddd11ff882380906e78e84bbeda7d833e3f869406abe41e26db44ad94fe61db2ce56023347bcf0cdc818d8404cbce2f9409385a960a2e0b6b4516d341534da92cb2a50085da819b822af9940d74dc96729b3fc835debae43cb70feeecdc4357da42830691c3940f145e3b90e88fceb55ed5bd6cf0b9adfc2223e9db25840c150a9894127685d6dd6683085da4b6a041efcef1681e5c9cda72830f0a2f9413a9d78f4712a65678d7735682819b4f4f74253cdb818383216c3094160cdef60e786295728a6ea334c091238e474e01da37834e85759418f371aeee4e2636df789931c9cd43e5d7b72d66db0d84017e955e941ca971963bdb4ba2bf337c90660674acff5beb3fda24833669d5941d25c827abd466387bda00b429fe728627d6eee6db57840804d0f0941efecb61a2f80aa34d3b9218b564a64d05946290d8819a0594260e1288b931ee2017d51ee11375e4970ad54c88db5c84065353019426c80cc193b27d73d2c40943acec77f4da2c5bd8da6b8330ab3394272cc48bb89900689c7e51c6a3ab039ec5cc80f9da1c838acdf69428c0d4328520ed7e8657de141eee74a954b07c1fda4b83c0c58d942c74ca71679cf1299936d6104d825c965448907bdb8196831d4076942d21ea6aa718ae1fa72e85ebe4c3d7f1a6775758da2d830f6f419430523527aced0ed2f5ce1721086d1d282d3af38fda4083aacb989430dd252c7c150f26a3a06e4eada9e706db3fa58cda3b830fcfb2943296233d946fb9399ff8bb87215eb312902d6224db8197833b01c594365b3d473d137995ebf776e46a8ad233006c0049da6983155cd3943a9df5dfcb4cc102ce20d40434a2b1baca9eafd3db81878365994a943aeb7722c208c8f35fef5ec4f2ebf887beb59360db268403e8bff99440314efbc35bc0db441969bce451bf0167efded1da3e8322757d94406c3fef5969b36231bd573adfc34e16f54d23e0da49836a631994414b4b5a2a0e303b89360eda83598ab7702eae04d8819c019442c6bb8fcd9f4a2167896f30866551a59e8af1ddda2883ffd24e9443c7c14d94197a30a44dab27bfb3eee9e05496d4da44837ef1e49443cd17fa4c21440d71d34061f9a6aa9f99093049da148399c52594448aa1665fe1fae6d1a00a9209ea62d7dcd81a4bdb5d84075049c89446a3a41bd932244dd08186e4c19f1a7e48cbcdf4da1f8316f8469448aff66a7a9ce3b8fc4f62c80604bc310edf94cdda52831616dc944df34fac8313dcd3442064b90e22129ad82b5103da0a830d900e94544fe9d07783ef05d9fd25db512c9e7482c72517da4c83226438945627fe906f34a53a381a726dbbfff03f65ebcfb5db7e84017c53df945b106f49f30620a07b4fbdcebb1e08b70499c851da6d83846517945fe93ddf4490a02257bef079f2498650c97c44deda7683196e3b945ffd4effd8e476c72fddc75bcd31f421001f9ce6db32840118518d9460e274b09f701107a4b3226fcc1376ebda3cdd92db6c8401182c1b946237b2af1238d12248630ce21aa84f0952122232da74830f85a69462fb676db64f87fd1602048106476c6036d44c92dc818984154926129467b94473d81d0cd00849d563c94d0432ac988b49da568314fe9a946b2ed7e4b12a544ca7d215fed85dc16240d64aeadb138401467d7d9472f93a2740e00112d5f2cef404c0aa16fae21fa4dc818684011904259473d378cfeaa5cbe8daed64128ebdc91322aa586bdb468401a49bbb94742d13f0b2a19c823bdd362b16305e4704b97a38dc818b840bb713ae94794e44d1334a56fea7f4df12633b88820d0c5888db48840f13152c947c7379531b2aee82e4ca06d4175d13b9cbeafd49da1083115efe947e8024132d07e3e69c9bc2012dffe300b9c5807ddb2f840298594e9483d69448f88bf9c701c1b93f43e1f753d39b2632da6a8349d075948842ea85732f94feeb9cf1ccc7d357c63658e7a4db818583339164948bbf92f4da9be0478464a077f582abd7b6df193cdb098401265c2e948cb120478e9503760656c1fcac9c1539158bdb55da708302fd45948e35263b1ed592f585c8b8d1f3abacd2de247923da1a83ab5f3d948e9700392f9246a6c5b32ee3ecef586f156ed683da4f83bfd9d99490b11143a0cb64e067402307bc7f2276dcec8250da2a8309fd839491935751ba30494c4fd276adcf134ecd66f8eca6db3f84011aa6de94950467af223a5095848c5ff618ff49cdad67db49da7883241fd794951c881cab59ed669915a2b04ea5721600794ec3db758401c6601c94959a4d857b7071c38878beb9dc77051b5fed1dfddc8180840225549894959c65b72147faf3450d8b50a0de57e72ffc5e0dda0c83dd780f9498c27cc3f0301b6272049dc3f972e2f542780629db8181833ce395949c56f33b968f83922bccf6d7689b9c883af9de49db8198830fbadb949e986277ac1c5d7df08ab3f45193a6a0ad9f7dbadb12841883ae49949ead03f7136fc6b4bdb0780b00a1c14ae5a8b6d0db8192831641d794a38f3504e661d2b152adaf197ba5057c911c879bdc81948404beef3794a8b52f02108aa5f4b675bdcc973760022d7c6020da178319f0d494a972652c63dce1705ce73e956fb523b4bd1239b0dc8182840146067c94b2dd091ea6e591d62f565d7a18ce2a7640add227db8195830679db94b38b208c79855404c56025aca4a4ffa8da6f4810db4d8401edce0094b95d435df3f8b2a8d8b9c2b7c8766c9ae6ed8cc9db79840605326694b9ede6f94d192073d8eaf85f8db677133d483249db7b84018252e594bc6044f4a1688d8b8596a9f7d4659e09985eebe6db5b84076a3cfa94bdbd4347b082d9d6bdf2da4555a37ce52a2e2120db81938329e6fb94c063fd85702b3e0e1845b2a490d12c39d19a9ccbda2283da13ba94c35649ae99be820c7b200a0add09b96d7032d232db1e84020e322594c6869257205e20c2a43cb31345db534aecb49f6eda168310633794cdca2c8b4e0d889ca06f9d3f2a28aa8dd96f307adb818a8388b4c494cfb5ea41788c1d539b6fd760cf26d688ae0331ffda298307e7e594d48611f40a37623bbcf9f047b8538177d879bad0db08840137052f94d56fbe3294ea4d73cca99ff8751ce7bd9b688cd5db8191831addaf94d6dbd84137d9337b01583b1c23c14b1d0da8e1cdda81998202a994dc9456a5c94c65f26ae930e834e10693df744c9cda62831c308394e05ae0e76f582817c9e31d9c1a5c02287a31d689da5f8329d30794e0b1a1d599a66407556171b073003ef854f5d2bdda65830921e994e296cf6511ab951e026c620fb0e266db4d6de4a0da66833e1e2094e63727cb2b3a8d6e3a2d1df4990f441938b67a34db5e840788081794e7e2cb8c81c10ff191a73fe266788c9ce62ec754db81908305b59a94ea105ab4e3f01f7f8da09cb84ab501aeb02e9fc7da7a83cb4a0994eb4f2a75cac4bbcb4d71c252e4cc80eb80bb3a34da55831304b594eb578c32a783dccac4b3abffc5b993ceea621012db1b840304195194ec20607aa654d823dd01beb8780a44863c57ed07da64830f835294edc0b61948531e1962517869bdbef9abf0ffd645dc818e840f3953c294eedba2484aaf940f37cd3cd21a5d7c4a7dafbfc0db588402a583c494ef46d5fe753c988606e6f703260d816af53b03ebdb6e840c7f6de394f0245f6251bef9447a08766b9da2b07b28ad80b0da3683b27abb94fb960a9450fc2f5dc8c6b1172932b678e287835f000000000000000000000000000000000000000000000000000000000000000000000000000247f90244d7250294127685d6dd6683085da4b6a041efcef1681e5c9cd737019418f371aeee4e2636df789931c9cd43e5d7b72d66d75702941efecb61a2f80aa34d3b9218b564a64d05946290d75c029426c80cc193b27d73d2c40943acec77f4da2c5bd8d76b0194272cc48bb89900689c7e51c6a3ab039ec5cc80f9d74b01942c74ca71679cf1299936d6104d825c965448907bd740019430dd252c7c150f26a3a06e4eada9e706db3fa58cd7490194414b4b5a2a0e303b89360eda83598ab7702eae04d728019443c7c14d94197a30a44dab27bfb3eee9e05496d4d75d019446a3a41bd932244dd08186e4c19f1a7e48cbcdf4d77e01945b106f49f30620a07b4fbdcebb1e08b70499c851d88189039467b94473d81d0cd00849d563c94d0432ac988b49d8818b0394794e44d1334a56fea7f4df12633b88820d0c5888d74806947c7379531b2aee82e4ca06d4175d13b9cbeafd49d70901948cb120478e9503760656c1fcac9c1539158bdb55d71a01948e9700392f9246a6c5b32ee3ecef586f156ed683d71209949ead03f7136fc6b4bdb0780b00a1c14ae5a8b6d0d881940294a8b52f02108aa5f4b675bdcc973760022d7c6020d7220194c35649ae99be820c7b200a0add09b96d7032d232d75e0194e7e2cb8c81c10ff191a73fe266788c9ce62ec754d77a0194eb4f2a75cac4bbcb4d71c252e4cc80eb80bb3a34d71b0194ec20607aa654d823dd01beb8780a44863c57ed07d8818e0494eedba2484aaf940f37cd3cd21a5d7c4a7dafbfc0d76e0394f0245f6251bef9447a08766b9da2b07b28ad80b000000000000000000000000000000000000000000000000000",
            "keccakPreimages": {
              "b342aa486082de5fb63bcb8e89bff11eaee84c5ed419c118c51dd466f8ffb3df": "0000000000000000000000000000000000000000000000000000000000001c6c0000000000000000000000000000000000000000000000000000000000000002"
            },
            "storageChanges": [
              {
                "address": "0000000000000000000000000000000000001000",
                "key": "b342aa486082de5fb63bcb8e89bff11eaee84c5ed419c118c51dd466f8ffb3df",
                "newValue": "0000000000000000000000000000000000000000000000000000000000001c6c",
                "oldValue": "0000000000000000000000000000000000000000000000000000000000000000",
                "ordinal": "48"
              },
              {
                "address": "0000000000000000000000000000000000001000",
                "key": "b342aa486082de5fb63bcb8e89bff11eaee84c5ed419c118c51dd466f8ffb3e0",
                "newValue": "0000000000000000000000000000000000000000000000000000000002c67400",
                "oldValue": "0000000000000000000000000000000000000000000000000000000000000000",
                "ordinal": "49"
              }
            ]
          }
        ],
        "endOrdinal": "564",
        "from": "fffffffffffffffffffffffffffffffffffffffe",
        "gasLimit": "9223372036854775807",
        "gasUsed": "9445792",
        "hash": "5a68aadd5f5dd2aacc8b22d066c26ce75aaffb154b5414b321369de52e10ab32",
        "index": 2,
        "input": "23c2a2b40000000000000000000000000000000000000000000000000000000000001c6c0000000000000000000000000000000000000000000000000000000002c674000000000000000000000000000000000000000000000000000000000002c68cff00000000000000000000000000000000000000000000000000000000000000a00000000000000000000000000000000000000000000000000000000000000be00000000000000000000000000000000000000000000000000000000000000b19f90b16db7f8401160fda9400856730088a5c3191bd26eb482e45229555ce57db818883218cc39400b69ba135b496b7f17fdfcd50d48b86bb397be6db8184837833c3940208652a93baf5f1962849efcf5795eac7439a5eda2083d1354a9402f70172f7f490653665c9bfac0666147c8af1f5da6f830a301e940306b7d3095ab008927166cd648a8ca7dbe53f05dc818f840172918894048cfedf907c4c9ddd11ff882380906e78e84bbeda7d833e3f869406abe41e26db44ad94fe61db2ce56023347bcf0cdc818d8404cbce2f9409385a960a2e0b6b4516d341534da92cb2a50085da819b822af9940d74dc96729b3fc835debae43cb70feeecdc4357da42830691c3940f145e3b90e88fceb55ed5bd6cf0b9adfc2223e9db25840c150a9894127685d6dd6683085da4b6a041efcef1681e5c9cda72830f0a2f9413a9d78f4712a65678d7735682819b4f4f74253cdb818383216c3094160cdef60e786295728a6ea334c091238e474e01da37834e85759418f371aeee4e2636df789931c9cd43e5d7b72d66db0d84017e955e941ca971963bdb4ba2bf337c90660674acff5beb3fda24833669d5941d25c827abd466387bda00b429fe728627d6eee6db57840804d0f0941efecb61a2f80aa34d3b9218b564a64d05946290d8819a0594260e1288b931ee2017d51ee11375e4970ad54c88db5c84065353019426c80cc193b27d73d2c40943acec77f4da2c5bd8da6b8330ab3394272cc48bb89900689c7e51c6a3ab039ec5cc80f9da1c838acdf69428c0d4328520ed7e8657de141eee74a954b07c1fda4b83c0c58d942c74ca71679cf1299936d6104d825c965448907bdb8196831d4076942d21ea6aa718ae1fa72e85ebe4c3d7f1a6775758da2d830f6f419430523527aced0ed2f5ce1721086d1d282d3af38fda4083aacb989430dd252c7c150f26a3a06e4eada9e706db3fa58cda3b830fcfb2943296233d946fb9399ff8bb87215eb312902d6224db8197833b01c594365b3d473d137995ebf776e46a8ad233006c0049da6983155cd3943a9df5dfcb4cc102ce20d40434a2b1baca9eafd3db81878365994a943aeb7722c208c8f35fef5ec4f2ebf887beb59360db268403e8bff99440314efbc35bc0db441969bce451bf0167efded1da3e8322757d94406c3fef5969b36231bd573adfc34e16f54d23e0da49836a631994414b4b5a2a0e303b89360eda83598ab7702eae04d8819c019442c6bb8fcd9f4a2167896f30866551a59e8af1ddda2883ffd24e9443c7c14d94197a30a44dab27bfb3eee9e05496d4da44837ef1e49443cd17fa4c21440d71d34061f9a6aa9f99093049da148399c52594448aa1665fe1fae6d1a00a9209ea62d7dcd81a4bdb5d84075049c89446a3a41bd932244dd08186e4c19f1a7e48cbcdf4da1f8316f8469448aff66a7a9ce3b8fc4f62c80604bc310edf94cdda52831616dc944df34fac8313dcd3442064b90e22129ad82b5103da0a830d900e94544fe9d07783ef05d9fd25db512c9e7482c72517da4c83226438945627fe906f34a53a381a726dbbfff03f65ebcfb5db7e84017c53df945b106f49f30620a07b4fbdcebb1e08b70499c851da6d83846517945fe93ddf4490a02257bef079f2498650c97c44deda7683196e3b945ffd4effd8e476c72fddc75bcd31f421001f9ce6db32840118518d9460e274b09f701107a4b3226fcc1376ebda3cdd92db6c8401182c1b946237b2af1238d12248630ce21aa84f0952122232da74830f85a69462fb676db64f87fd1602048106476c6036d44c92dc818984154926129467b94473d81d0cd00849d563c94d0432ac988b49da568314fe9a946b2ed7e4b12a544ca7d215fed85dc16240d64aeadb138401467d7d9472f93a2740e00112d5f2cef404c0aa16fae21fa4dc818684011904259473d378cfeaa5cbe8daed64128ebdc91322aa586bdb468401a49bbb94742d13f0b2a19c823bdd362b16305e4704b97a38dc818b840bb713ae94794e44d1334a56fea7f4df12633b88820d0c5888db48840f13152c947c7379531b2aee82e4ca06d4175d13b9cbeafd49da1083115efe947e8024132d07e3e69c9bc2012dffe300b9c5807ddb2f840298594e9483d69448f88bf9c701c1b93f43e1f753d39b2632da6a8349d075948842ea85732f94feeb9cf1ccc7d357c63658e7a4db818583339164948bbf92f4da9be0478464a077f582abd7b6df193cdb098401265c2e948cb120478e9503760656c1fcac9c1539158bdb55da708302fd45948e35263b1ed592f585c8b8d1f3abacd2de247923da1a83ab5f3d948e9700392f9246a6c5b32ee3ecef586f156ed683da4f83bfd9d99490b11143a0cb64e067402307bc7f2276dcec8250da2a8309fd839491935751ba30494c4fd276adcf134ecd66f8eca6db3f84011aa6de94950467af223a5095848c5ff618ff49cdad67db49da7883241fd794951c881cab59ed669915a2b04ea5721600794ec3db758401c6601c94959a4d857b7071c38878beb9dc77051b5fed1dfddc8180840225549894959c65b72147faf3450d8b50a0de57e72ffc5e0dda0c83dd780f9498c27cc3f0301b6272049dc3f972e2f542780629db8181833ce395949c56f33b968f83922bccf6d7689b9c883af9de49db8198830fbadb949e986277ac1c5d7df08ab3f45193a6a0ad9f7dbadb12841883ae49949ead03f7136fc6b4bdb0780b00a1c14ae5a8b6d0db8192831641d794a38f3504e661d2b152adaf197ba5057c911c879bdc81948404beef3794a8b52f02108aa5f4b675bdcc973760022d7c6020da178319f0d494a972652c63dce1705ce73e956fb523b4bd1239b0dc8182840146067c94b2dd091ea6e591d62f565d7a18ce2a7640add227db8195830679db94b38b208c79855404c56025aca4a4ffa8da6f4810db4d8401edce0094b95d435df3f8b2a8d8b9c2b7c8766c9ae6ed8cc9db79840605326694b9ede6f94d192073d8eaf85f8db677133d483249db7b84018252e594bc6044f4a1688d8b8596a9f7d4659e09985eebe6db5b84076a3cfa94bdbd4347b082d9d6bdf2da4555a37ce52a2e2120db81938329e6fb94c063fd85702b3e0e1845b2a490d12c39d19a9ccbda2283da13ba94c35649ae99be820c7b200a0add09b96d7032d232db1e84020e322594c6869257205e20c2a43cb31345db534aecb49f6eda168310633794cdca2c8b4e0d889ca06f9d3f2a28aa8dd96f307adb818a8388b4c494cfb5ea41788c1d539b6fd760cf26d688ae0331ffda298307e7e594d48611f40a37623bbcf9f047b8538177d879bad0db08840137052f94d56fbe3294ea4d73cca99ff8751ce7bd9b688cd5db8191831addaf94d6dbd84137d9337b01583b1c23c14b1d0da8e1cdda81998202a994dc9456a5c94c65f26ae930e834e10693df744c9cda62831c308394e05ae0e76f582817c9e31d9c1a5c02287a31d689da5f8329d30794e0b1a1d599a66407556171b073003ef854f5d2bdda65830921e994e296cf6511ab951e026c620fb0e266db4d6de4a0da66833e1e2094e63727cb2b3a8d6e3a2d1df4990f441938b67a34db5e840788081794e7e2cb8c81c10ff191a73fe266788c9ce62ec754db81908305b59a94ea105ab4e3f01f7f8da09cb84ab501aeb02e9fc7da7a83cb4a0994eb4f2a75cac4bbcb4d71c252e4cc80eb80bb3a34da55831304b594eb578c32a783dccac4b3abffc5b993ceea621012db1b840304195194ec20607aa654d823dd01beb8780a44863c57ed07da64830f835294edc0b61948531e1962517869bdbef9abf0ffd645dc818e840f3953c294eedba2484aaf940f37cd3cd21a5d7c4a7dafbfc0db588402a583c494ef46d5fe753c988606e6f703260d816af53b03ebdb6e840c7f6de394f0245f6251bef9447a08766b9da2b07b28ad80b0da3683b27abb94fb960a9450fc2f5dc8c6b1172932b678e287835f000000000000000000000000000000000000000000000000000000000000000000000000000247f90244d7250294127685d6dd6683085da4b6a041efcef1681e5c9cd737019418f371aeee4e2636df789931c9cd43e5d7b72d66d75702941efecb61a2f80aa34d3b9218b564a64d05946290d75c029426c80cc193b27d73d2c40943acec77f4da2c5bd8d76b0194272cc48bb89900689c7e51c6a3ab039ec5cc80f9d74b01942c74ca71679cf1299936d6104d825c965448907bd740019430dd252c7c150f26a3a06e4eada9e706db3fa58cd7490194414b4b5a2a0e303b89360eda83598ab7702eae04d728019443c7c14d94197a30a44dab27bfb3eee9e05496d4d75d019446a3a41bd932244dd08186e4c19f1a7e48cbcdf4d77e01945b106f49f30620a07b4fbdcebb1e08b70499c851d88189039467b94473d81d0cd00849d563c94d0432ac988b49d8818b0394794e44d1334a56fea7f4df12633b88820d0c5888d74806947c7379531b2aee82e4ca06d4175d13b9cbeafd49d70901948cb120478e9503760656c1fcac9c1539158bdb55d71a01948e9700392f9246a6c5b32ee3ecef586f156ed683d71209949ead03f7136fc6b4bdb0780b00a1c14ae5a8b6d0d881940294a8b52f02108aa5f4b675bdcc973760022d7c6020d7220194c35649ae99be820c7b200a0add09b96d7032d232d75e0194e7e2cb8c81c10ff191a73fe266788c9ce62ec754d77a0194eb4f2a75cac4bbcb4d71c252e4cc80eb80bb3a34d71b0194ec20607aa654d823dd01beb8780a44863c57ed07d8818e0494eedba2484aaf940f37cd3cd21a5d7c4a7dafbfc0d76e0394f0245f6251bef9447a08766b9da2b07b28ad80b000000000000000000000000000000000000000000000000000",
        "receipt": {
          "cumulativeGasUsed": "9445792",
          "logsBloom": "00000000000000000000000000000000000000000000000000000000000000000000000000000000000000000000000000000000000000000000000000000000000000000000000000000000000000000000000000000000000000000000000000000000000000000000000000000000000000000000000000000000000000000000000000000000000000000000000000000000000000000000000000000000000000000000000000000000000000000000000000000000000000000000000000000000000000000000000000000000000000000000000000000000000000000000000000000000000000000000000000000000000000000000000000000000"
        },
        "status": "SUCCEEDED",
        "to": "0000000000000000000000000000000000001000"
      }
    ],
    "ver": 3
  }
]