[
  {
    "hash": "937b1a9a6686ca5d845d41cf6264586e4333caa009c9001ce71f174748881c4f",
    "header": {
      "coinbase": "0000000000000000000000000000000000000000",
      "difficulty": {
        "bytes": "07"
      },
      "extraData": "d58301090083626f7286676f312e3133856c696e7578000000000000000000000375b2fc7140977c9c76d45421564e354ed42277000000000000000000000000000000000000271042eefcda06ead475cde3731b8eb138e88cd0bac300000000000000000000000000000000000027105973918275c01f50555d44e92c9d9b353cadad5400000000000000000000000000000000000027107fcd58c2d53d980b247f1612fdba93e9a76193e60000000000000000000000000000000000002710b702f1c9154ac9c08da247a8e30ee6f2f3373f410000000000000000000000000000000000002710b8bb158b93c94ed35c1970d610d1e2b34e26652c0000000000000000000000000000000000002710f84c74dea96df0ec22e11e7c33996c73fcc2d8220000000000000000000000000000000000002710b9dc800a95f8342af918585ff50f43fe85ebe0b42a9ed2d49bcfc3e6c0fbf0b81c66058dbdbca3a14bfabb76092a878d900ee699b80d0becb991022ab1c0365801",
      "gasLimit": "15469060",
      "gasUsed": "21000",
      "hash": "937b1a9a6686ca5d845d41cf6264586e4333caa009c9001ce71f174748881c4f",
      "logsBloom": "00000000000000000000000000000000000000001000000000000000000000000000000000000004000000100000000000008000000000000000000000000000000000000000040000000000000000800000000000000000000100000000000000000000080000000000100000000000000000000000000080000000000000000000000000001000000000000000000000000000000000000000000000000000200000000000000000000000000000000200000000000000000000000000004000000000000000000001000000000200000000000000800000108000000000000010000000000000000000000000000000000000000000000000000000100000",
      "mixHash": "0000000000000000000000000000000000000000000000000000000000000000",
      "number": "447",
      "parentHash": "c88b402659514206088d932e24c5e4e8ad384aab8b8d9b151f903b06a69b58a2",
      "receiptRoot": "e174f9aa9cfaf537bbd946f4f28d1e070fc266e30b87e47f861e64031a4aa045",
      "stateRoot": "91e7407285d3daf15ed29dd054320e366ec60ea2b93d359a9a663a0be3e18dcb",
      "timestamp": "2020-05-30T16:45:16Z",
      "transactionsRoot": "3787bdcd430c94ce67bc3822c6d958d8cc59efa7c60222f97bedef68f82e9c89",
      "uncleHash": "1dcc4de8dec75d7aab85b567b6ccd41ad312451b948a7413f0a142fd40d49347"
    },
    "number": "447",
    "size": "995",
    "transactionTraces": [
      {
        "beginOrdinal": "1",
        "calls": [
          {
            "accountCreations": [
              {
                "account": "c3f60bc338e0af8f46f52650c813fbd3c071e165",
                "ordinal": "6"
              }
            ],
            "address": "c3f60bc338e0af8f46f52650c813fbd3c071e165",
            "balanceChanges": [
              {
                "address": "5973918275c01f50555d44e92c9d9b353cadad54",
                "newValue": {
                  "bytes": "3635c99aac6d15b000"
                },
                "oldValue": {
                  "bytes": "3635c9adc5dea00000"
                },
                "ordinal": "2",
                "reason": "REASON_GAS_BUY"
              },
              {
                "address": "5973918275c01f50555d44e92c9d9b353cadad54",
                "newValue": {
                  "bytes": "3635c99aac6d15afeb"
                },
                "oldValue": {
                  "bytes": "3635c99aac6d15b000"
                },
                "ordinal": "7",
                "reason": "REASON_TRANSFER"
              },
              {
                "address": "c3f60bc338e0af8f46f52650c813fbd3c071e165",
                "newValue": {
                  "bytes": "15"
                },
                "ordinal": "8",
                "reason": "REASON_TRANSFER"
              },
              {
                "address": "f84c74dea96df0ec22e11e7c33996c73fcc2d822",
                "newValue": {
                  "bytes": "3635c9c0df502a5000"
                },
                "oldValue": {
                  "bytes": "3635c9adc5dea00000"
                },
                "ordinal": "11",
                "reason": "REASON_REWARD_TRANSACTION_FEE"
              }
            ],
            "callType": "CALL",
            "caller": "5973918275c01f50555d44e92c9d9b353cadad54",
            "endOrdinal": "10",
            "gasChanges": [
              {
                "oldValue": "21000",
                "ordinal": "3",
                "reason": "REASON_INTRINSIC_GAS"
              }
            ],
            "index": 1,
            "logs": [
              {
                "address": "0000000000000000000000000000000000001010",
                "data": "000000000000000000000000000000000000000000000000000000000000001500000000000000000000000000000000000000000000003635c99aac6d15b000000000000000000000000000000000000000000000000000000000000000000000000000000000000000000000000000000000000000003635c99aac6d15afeb0000000000000000000000000000000000000000000000000000000000000015",
                "ordinal": "9",
                "topics": [
                  "e6497e3ee548a3372136af2fcb0696db31fc6cf20260707645068bd3fe97f3c4",
                  "0000000000000000000000000000000000000000000000000000000000001010",
                  "0000000000000000000000005973918275c01f50555d44e92c9d9b353cadad54",
                  "000000000000000000000000c3f60bc338e0af8f46f52650c813fbd3c071e165"
                ]
              },
              {
                "address": "0000000000000000000000000000000000001010",
                "blockIndex": 1,
                "data": "00000000000000000000000000000000000000000000000000001319718a500000000000000000000000000000000000000000000000003635c9adc5dea0000000000000000000000000000000000000000000000000003635c9adc5dea0000000000000000000000000000000000000000000000000003635c99aac6d15b00000000000000000000000000000000000000000000000003635c9c0df502a5000",
                "index": 1,
                "ordinal": "12",
                "topics": [
                  "4dfe1bbbcf077ddc3e01291eea2d5c70c2b422b415d95645b9adcfd678cb1d63",
                  "0000000000000000000000000000000000000000000000000000000000001010",
                  "0000000000000000000000005973918275c01f50555d44e92c9d9b353cadad54",
                  "000000000000000000000000f84c74dea96df0ec22e11e7c33996c73fcc2d822"
                ]
              }
            ],
            "nonceChanges": [
              {
                "address": "5973918275c01f50555d44e92c9d9b353cadad54",
                "newValue": "1",
                "ordinal": "4"
              }
            ],
            "value": {
              "bytes": "15"
            }
          }
        ],
        "endOrdinal": "13",
        "from": "5973918275c01f50555d44e92c9d9b353cadad54",
        "gasLimit": "21000",
        "gasPrice": {
          "bytes": "3b9aca00"
        },
        "gasUsed": "21000",
        "hash": "f6c3feac09aa84558510f74af0c9bf7fd51ff15f902f68d51592e09cad8896b2",
        "r": "7ea5c6406f306030d054a613eee4d5709ddd35db52ec5e75066d515f82c6d043",
        "receipt": {
          "cumulativeGasUsed": "21000",
          "logs": [
            {
              "address": "0000000000000000000000000000000000001010",
              "data": "000000000000000000000000000000000000000000000000000000000000001500000000000000000000000000000000000000000000003635c99aac6d15b000000000000000000000000000000000000000000000000000000000000000000000000000000000000000000000000000000000000000003635c99aac6d15afeb0000000000000000000000000000000000000000000000000000000000000015",
              "ordinal": "9",
              "topics": [
                "e6497e3ee548a3372136af2fcb0696db31fc6cf20260707645068bd3fe97f3c4",
                "0000000000000000000000000000000000000000000000000000000000001010",
                "0000000000000000000000005973918275c01f50555d44e92c9d9b353cadad54",
                "000000000000000000000000c3f60bc338e0af8f46f52650c813fbd3c071e165"
              ]
            },
            {
              "address": "0000000000000000000000000000000000001010",
              "blockIndex": 1,
              "data": "00000000000000000000000000000000000000000000000000001319718a500000000000000000000000000000000000000000000000003635c9adc5dea0000000000000000000000000000000000000000000000000003635c9adc5dea0000000000000000000000000000000000000000000000000003635c99aac6d15b00000000000000000000000000000000000000000000000003635c9c0df502a5000",
              "index": 1,
              "ordinal": "12",
              "topics": [
                "4dfe1bbbcf077ddc3e01291eea2d5c70c2b422b415d95645b9adcfd678cb1d63",
                "0000000000000000000000000000000000000000000000000000000000001010",
                "0000000000000000000000005973918275c01f50555d44e92c9d9b353cadad54",
                "000000000000000000000000f84c74dea96df0ec22e11e7c33996c73fcc2d822"
              ]
            }
          ],
          "logsBloom": "00000000000000000000000000000000000000001000000000000000000000000000000000000004000000100000000000008000000000000000000000000000000000000000040000000000000000800000000000000000000100000000000000000000080000000000100000000000000000000000000080000000000000000000000000001000000000000000000000000000000000000000000000000000200000000000000000000000000000000200000000000000000000000000004000000000000000000001000000000200000000000000800000108000000000000010000000000000000000000000000000000000000000000000000000100000"
        },
        "s": "398b5d7960cd48ef0cfda44a9482dd784e9f6d264aa13f83f233e2a86b81d34f",
        "status": "SUCCEEDED",
        "to": "c3f60bc338e0af8f46f52650c813fbd3c071e165",
        "v": "0135",
        "value": {
          "bytes": "15"
        }
      }
    ],
    "ver": 3
  }
]