[
  {
    "beginOrdinal": "1",
    "calls": [
      {
        "address": "79f19a189068a79ec01343b8c70096114f048753",
        "balanceChanges": [
          {
            "address": "ab07a50ad459b41fe065f7bbab866d5390e9f705",
            "newValue": {
              "bytes": "ab989816a6c000"
            },
            "oldValue": {
              "bytes": "0118bb1a9c901f98f0"
            },
            "ordinal": "2",
            "reason": "REASON_GAS_BUY"
          },
          {
            "address": "ab07a50ad459b41fe065f7bbab866d5390e9f705",
            "oldValue": {
              "bytes": "01180f82047978d8f0"
            },
            "ordinal": "6",
            "reason": "REASON_TRANSFER"
          },
          {
            "address": "ab07a50ad459b41fe065f7bbab866d5390e9f705",
            "newValue": {
              "bytes": "a772652e04a800"
            },
            "oldValue": {
              "bytes": "01180f82047978d8f0"
            },
            "ordinal": "9",
            "reason": "REASON_GAS_REFUND"
          },
          {
            "address": "69e43fdaf4106e88d2d48312ba56a90828ae3728",
            "newValue": {
              "bytes": "042632e8a21800"
            },
            "oldValue": {
              "bytes": "071aba99f8887bae88fc"
            },
            "ordinal": "10",
            "reason": "REASON_REWARD_TRANSACTION_FEE"
          }
        ],
        "callType": "CALL",
        "caller": "ab07a50ad459b41fe065f7bbab866d5390e9f705",
        "endOrdinal": "8",
        "executedCode": true,
        "gasChanges": [
          {
            "newValue": "943372",
            "oldValue": "966000",
            "ordinal": "3",
            "reason": "REASON_INTRINSIC_GAS"
          },
          {
            "newValue": "942819",
            "oldValue": "942840",
            "ordinal": "7",
            "reason": "REASON_CALL_DATA_COPY"
          }
        ],
        "gasConsumed": "730",
        "gasLimit": "943372",
        "index": 1,
        "input": "f93d3def0000000000000000000000000000000000000000000000000000000000000020000000000000000000000000000000000000000000000000000000000000004b7265616c79206c6f6e6720737472696e67206c6172676572207468616e20333220627974657320746f2074657374206f757420736f6c69646974792073706c697474696e67207374756666000000000000000000000000000000000000000000",
        "nonceChanges": [
          {
            "address": "ab07a50ad459b41fe065f7bbab866d5390e9f705",
            "newValue": "111",
            "oldValue": "110",
            "ordinal": "4"
          }
        ],
        "returnData": "0000000000000000000000000000000000000000000000000000000000000000"
      }
    ],
    "endOrdinal": "11",
    "from": "ab07a50ad459b41fe065f7bbab866d5390e9f705",
    "gasLimit": "966000",
    "gasPrice": {
      "bytes": "0ba43b7400"
    },
    "gasUsed": "23358",
    "hash": "74b9554595faea99f11f5310c086acaec4686ef94b30466f966d67071b228b65",
    "input": "f93d3def0000000000000000000000000000000000000000000000000000000000000020000000000000000000000000000000000000000000000000000000000000004b7265616c79206c6f6e6720737472696e67206c6172676572207468616e20333220627974657320746f2074657374206f757420736f6c69646974792073706c697474696e67207374756666000000000000000000000000000000000000000000",
    "nonce": "110",
    "r": "9b7b4ad21ac016e1766749e203d4776d351ac9c7d56cdd9b3c2d5b4f940c1f7e",
    "receipt": {
      "cumulativeGasUsed": "23358",
      "logsBloom": "00000000000000000000000000000000000000000000000000000000000000000000000000000000000000000000000000000000000000000000000000000000000000000000000000000000000000000000000000000000000000000000000000000000000000000000000000000000000000000000000000000000000000000000000000000000000000000000000000000000000000000000000000000000000000000000000000000000000000000000000000000000000000000000000000000000000000000000000000000000000000000000000000000000000000000000000000000000000000000000000000000000000000000000000000000000"
    },
    "s": "5b08a942dbc15ff47f7f40d4519fe2e20948579b0baebaca66a7b651f6f483ed",
    "to": "79f19a189068a79ec01343b8c70096114f048753",
    "v": "29"
  }
]